{
    "database": "AP_DM01",
    "name": "SFA_GARANT_DN2",
    "comment": "",
    "set_or_multiset": "MULTISET",
    "columns": [
        {
            "name": "llp_ico",
            "comment": "",
            "primary": false,
            "mandatory": false,
            "data_type": "VARCHAR(10)",
            "data_type_base": "VARCHAR",
            "scale": 10,
            "precission": 0,
            "is_derived": false,
            "is_derived_from": "",
            "is_derived_to": "",
            "is_validtime": false,
            "is_volatile": false,
            "is_transactiontime": false,
            "compress": "",
            "character_set": "UNICODE",
            "case_specific": false,
            "etl_src_not_available": false,
            "etl_crc_format": "",
            "etl_src_header": "",
            "etl_src_size_in_bytes": 0,
            "rules": {
                "keys": [],
                "map": {}
            },
            "cdc_src_column": "",
            "cdc_src_data_type": "",
            "cdc_src_scale": 0
        },
        {
            "name": "accountid",
            "comment": "",
            "primary": false,
            "mandatory": false,
            "data_type": "CHAR(38)",
            "data_type_base": "CHAR",
            "scale": 38,
            "precission": 0,
            "is_derived": false,
            "is_derived_from": "",
            "is_derived_to": "",
            "is_validtime": false,
            "is_volatile": false,
            "is_transactiontime": false,
            "compress": "",
            "character_set": "UNICODE",
            "case_specific": false,
            "etl_src_not_available": false,
            "etl_crc_format": "",
            "etl_src_header": "",
            "etl_src_size_in_bytes": 0,
            "rules": {
                "keys": [],
                "map": {}
            },
            "cdc_src_column": "",
            "cdc_src_data_type": "",
            "cdc_src_scale": 0
        },
        {
            "name": "PrimaryGarant",
            "comment": "",
            "primary": false,
            "mandatory": false,
            "data_type": "CHAR(1)",
            "data_type_base": "CHAR",
            "scale": 1,
            "precission": 0,
            "is_derived": false,
            "is_derived_from": "",
            "is_derived_to": "",
            "is_validtime": false,
            "is_volatile": false,
            "is_transactiontime": false,
            "compress": "",
            "character_set": "LATIN",
            "case_specific": false,
            "etl_src_not_available": false,
            "etl_crc_format": "",
            "etl_src_header": "",
            "etl_src_size_in_bytes": 0,
            "rules": {
                "keys": [],
                "map": {}
            },
            "cdc_src_column": "",
            "cdc_src_data_type": "",
            "cdc_src_scale": 0
        },
        {
            "name": "grnt_login",
            "comment": "",
            "primary": false,
            "mandatory": false,
            "data_type": "VARCHAR(100)",
            "data_type_base": "VARCHAR",
            "scale": 100,
            "precission": 0,
            "is_derived": false,
            "is_derived_from": "",
            "is_derived_to": "",
            "is_validtime": false,
            "is_volatile": false,
            "is_transactiontime": false,
            "compress": "",
            "character_set": "UNICODE",
            "case_specific": false,
            "etl_src_not_available": false,
            "etl_crc_format": "",
            "etl_src_header": "",
            "etl_src_size_in_bytes": 0,
            "rules": {
                "keys": [],
                "map": {}
            },
            "cdc_src_column": "",
            "cdc_src_data_type": "",
            "cdc_src_scale": 0
        },
        {
            "name": "grnt_firstname",
            "comment": "",
            "primary": false,
            "mandatory": false,
            "data_type": "VARCHAR(64)",
            "data_type_base": "VARCHAR",
            "scale": 64,
            "precission": 0,
            "is_derived": false,
            "is_derived_from": "",
            "is_derived_to": "",
            "is_validtime": false,
            "is_volatile": false,
            "is_transactiontime": false,
            "compress": "",
            "character_set": "UNICODE",
            "case_specific": false,
            "etl_src_not_available": false,
            "etl_crc_format": "",
            "etl_src_header": "",
            "etl_src_size_in_bytes": 0,
            "rules": {
                "keys": [],
                "map": {}
            },
            "cdc_src_column": "",
            "cdc_src_data_type": "",
            "cdc_src_scale": 0
        },
        {
            "name": "grnt_lastname",
            "comment": "",
            "primary": false,
            "mandatory": false,
            "data_type": "VARCHAR(64)",
            "data_type_base": "VARCHAR",
            "scale": 64,
            "precission": 0,
            "is_derived": false,
            "is_derived_from": "",
            "is_derived_to": "",
            "is_validtime": false,
            "is_volatile": false,
            "is_transactiontime": false,
            "compress": "",
            "character_set": "UNICODE",
            "case_specific": false,
            "etl_src_not_available": false,
            "etl_crc_format": "",
            "etl_src_header": "",
            "etl_src_size_in_bytes": 0,
            "rules": {
                "keys": [],
                "map": {}
            },
            "cdc_src_column": "",
            "cdc_src_data_type": "",
            "cdc_src_scale": 0
        },
        {
            "name": "grnt_llp_pozice",
            "comment": "",
            "primary": false,
            "mandatory": false,
            "data_type": "VARCHAR(100)",
            "data_type_base": "VARCHAR",
            "scale": 100,
            "precission": 0,
            "is_derived": false,
            "is_derived_from": "",
            "is_derived_to": "",
            "is_validtime": false,
            "is_volatile": false,
            "is_transactiontime": false,
            "compress": "",
            "character_set": "UNICODE",
            "case_specific": false,
            "etl_src_not_available": false,
            "etl_crc_format": "",
            "etl_src_header": "",
            "etl_src_size_in_bytes": 0,
            "rules": {
                "keys": [],
                "map": {}
            },
            "cdc_src_column": "",
            "cdc_src_data_type": "",
            "cdc_src_scale": 0
        },
        {
            "name": "grnt_llp_typgaranta_pozice",
            "comment": "",
            "primary": false,
            "mandatory": false,
            "data_type": "VARCHAR(15)",
            "data_type_base": "VARCHAR",
            "scale": 15,
            "precission": 0,
            "is_derived": false,
            "is_derived_from": "",
            "is_derived_to": "",
            "is_validtime": false,
            "is_volatile": false,
            "is_transactiontime": false,
            "compress": "",
            "character_set": "UNICODE",
            "case_specific": false,
            "etl_src_not_available": false,
            "etl_crc_format": "",
            "etl_src_header": "",
            "etl_src_size_in_bytes": 0,
            "rules": {
                "keys": [],
                "map": {}
            },
            "cdc_src_column": "",
            "cdc_src_data_type": "",
            "cdc_src_scale": 0
        },
        {
            "name": "grnt_llp_typgaranta",
            "comment": "",
            "primary": false,
            "mandatory": false,
            "data_type": "VARCHAR(100)",
            "data_type_base": "VARCHAR",
            "scale": 100,
            "precission": 0,
            "is_derived": false,
            "is_derived_from": "",
            "is_derived_to": "",
            "is_validtime": false,
            "is_volatile": false,
            "is_transactiontime": false,
            "compress": "",
            "character_set": "UNICODE",
            "case_specific": false,
            "etl_src_not_available": false,
            "etl_crc_format": "",
            "etl_src_header": "",
            "etl_src_size_in_bytes": 0,
            "rules": {
                "keys": [],
                "map": {}
            },
            "cdc_src_column": "",
            "cdc_src_data_type": "",
            "cdc_src_scale": 0
        },
        {
            "name": "grnt_BusinessUnitName",
            "comment": "",
            "primary": false,
            "mandatory": false,
            "data_type": "VARCHAR(100)",
            "data_type_base": "VARCHAR",
            "scale": 100,
            "precission": 0,
            "is_derived": false,
            "is_derived_from": "",
            "is_derived_to": "",
            "is_validtime": false,
            "is_volatile": false,
            "is_transactiontime": false,
            "compress": "",
            "character_set": "UNICODE",
            "case_specific": false,
            "etl_src_not_available": false,
            "etl_crc_format": "",
            "etl_src_header": "",
            "etl_src_size_in_bytes": 0,
            "rules": {
                "keys": [],
                "map": {}
            },
            "cdc_src_column": "",
            "cdc_src_data_type": "",
            "cdc_src_scale": 0
        },
        {
            "name": "grnt_prnt1_login",
            "comment": "",
            "primary": false,
            "mandatory": false,
            "data_type": "VARCHAR(100)",
            "data_type_base": "VARCHAR",
            "scale": 100,
            "precission": 0,
            "is_derived": false,
            "is_derived_from": "",
            "is_derived_to": "",
            "is_validtime": false,
            "is_volatile": false,
            "is_transactiontime": false,
            "compress": "",
            "character_set": "UNICODE",
            "case_specific": false,
            "etl_src_not_available": false,
            "etl_crc_format": "",
            "etl_src_header": "",
            "etl_src_size_in_bytes": 0,
            "rules": {
                "keys": [],
                "map": {}
            },
            "cdc_src_column": "",
            "cdc_src_data_type": "",
            "cdc_src_scale": 0
        },
        {
            "name": "grnt_prnt1_firstname",
            "comment": "",
            "primary": false,
            "mandatory": false,
            "data_type": "VARCHAR(64)",
            "data_type_base": "VARCHAR",
            "scale": 64,
            "precission": 0,
            "is_derived": false,
            "is_derived_from": "",
            "is_derived_to": "",
            "is_validtime": false,
            "is_volatile": false,
            "is_transactiontime": false,
            "compress": "",
            "character_set": "UNICODE",
            "case_specific": false,
            "etl_src_not_available": false,
            "etl_crc_format": "",
            "etl_src_header": "",
            "etl_src_size_in_bytes": 0,
            "rules": {
                "keys": [],
                "map": {}
            },
            "cdc_src_column": "",
            "cdc_src_data_type": "",
            "cdc_src_scale": 0
        },
        {
            "name": "grnt_prnt1_lastname",
            "comment": "",
            "primary": false,
            "mandatory": false,
            "data_type": "VARCHAR(64)",
            "data_type_base": "VARCHAR",
            "scale": 64,
            "precission": 0,
            "is_derived": false,
            "is_derived_from": "",
            "is_derived_to": "",
            "is_validtime": false,
            "is_volatile": false,
            "is_transactiontime": false,
            "compress": "",
            "character_set": "UNICODE",
            "case_specific": false,
            "etl_src_not_available": false,
            "etl_crc_format": "",
            "etl_src_header": "",
            "etl_src_size_in_bytes": 0,
            "rules": {
                "keys": [],
                "map": {}
            },
            "cdc_src_column": "",
            "cdc_src_data_type": "",
            "cdc_src_scale": 0
        },
        {
            "name": "grnt_prnt1_llp_pozice",
            "comment": "",
            "primary": false,
            "mandatory": false,
            "data_type": "VARCHAR(100)",
            "data_type_base": "VARCHAR",
            "scale": 100,
            "precission": 0,
            "is_derived": false,
            "is_derived_from": "",
            "is_derived_to": "",
            "is_validtime": false,
            "is_volatile": false,
            "is_transactiontime": false,
            "compress": "",
            "character_set": "UNICODE",
            "case_specific": false,
            "etl_src_not_available": false,
            "etl_crc_format": "",
            "etl_src_header": "",
            "etl_src_size_in_bytes": 0,
            "rules": {
                "keys": [],
                "map": {}
            },
            "cdc_src_column": "",
            "cdc_src_data_type": "",
            "cdc_src_scale": 0
        },
        {
            "name": "grnt_prnt1_llp_typgaranta_pozice",
            "comment": "",
            "primary": false,
            "mandatory": false,
            "data_type": "VARCHAR(15)",
            "data_type_base": "VARCHAR",
            "scale": 15,
            "precission": 0,
            "is_derived": false,
            "is_derived_from": "",
            "is_derived_to": "",
            "is_validtime": false,
            "is_volatile": false,
            "is_transactiontime": false,
            "compress": "",
            "character_set": "UNICODE",
            "case_specific": false,
            "etl_src_not_available": false,
            "etl_crc_format": "",
            "etl_src_header": "",
            "etl_src_size_in_bytes": 0,
            "rules": {
                "keys": [],
                "map": {}
            },
            "cdc_src_column": "",
            "cdc_src_data_type": "",
            "cdc_src_scale": 0
        },
        {
            "name": "grnt_prnt1_BusinessUnitName",
            "comment": "",
            "primary": false,
            "mandatory": false,
            "data_type": "VARCHAR(100)",
            "data_type_base": "VARCHAR",
            "scale": 100,
            "precission": 0,
            "is_derived": false,
            "is_derived_from": "",
            "is_derived_to": "",
            "is_validtime": false,
            "is_volatile": false,
            "is_transactiontime": false,
            "compress": "",
            "character_set": "UNICODE",
            "case_specific": false,
            "etl_src_not_available": false,
            "etl_crc_format": "",
            "etl_src_header": "",
            "etl_src_size_in_bytes": 0,
            "rules": {
                "keys": [],
                "map": {}
            },
            "cdc_src_column": "",
            "cdc_src_data_type": "",
            "cdc_src_scale": 0
        },
        {
            "name": "grnt_prnt2_login",
            "comment": "",
            "primary": false,
            "mandatory": false,
            "data_type": "VARCHAR(100)",
            "data_type_base": "VARCHAR",
            "scale": 100,
            "precission": 0,
            "is_derived": false,
            "is_derived_from": "",
            "is_derived_to": "",
            "is_validtime": false,
            "is_volatile": false,
            "is_transactiontime": false,
            "compress": "",
            "character_set": "UNICODE",
            "case_specific": false,
            "etl_src_not_available": false,
            "etl_crc_format": "",
            "etl_src_header": "",
            "etl_src_size_in_bytes": 0,
            "rules": {
                "keys": [],
                "map": {}
            },
            "cdc_src_column": "",
            "cdc_src_data_type": "",
            "cdc_src_scale": 0
        },
        {
            "name": "grnt_prnt2_firstname",
            "comment": "",
            "primary": false,
            "mandatory": false,
            "data_type": "VARCHAR(64)",
            "data_type_base": "VARCHAR",
            "scale": 64,
            "precission": 0,
            "is_derived": false,
            "is_derived_from": "",
            "is_derived_to": "",
            "is_validtime": false,
            "is_volatile": false,
            "is_transactiontime": false,
            "compress": "",
            "character_set": "UNICODE",
            "case_specific": false,
            "etl_src_not_available": false,
            "etl_crc_format": "",
            "etl_src_header": "",
            "etl_src_size_in_bytes": 0,
            "rules": {
                "keys": [],
                "map": {}
            },
            "cdc_src_column": "",
            "cdc_src_data_type": "",
            "cdc_src_scale": 0
        },
        {
            "name": "grnt_prnt2_lastname",
            "comment": "",
            "primary": false,
            "mandatory": false,
            "data_type": "VARCHAR(64)",
            "data_type_base": "VARCHAR",
            "scale": 64,
            "precission": 0,
            "is_derived": false,
            "is_derived_from": "",
            "is_derived_to": "",
            "is_validtime": false,
            "is_volatile": false,
            "is_transactiontime": false,
            "compress": "",
            "character_set": "UNICODE",
            "case_specific": false,
            "etl_src_not_available": false,
            "etl_crc_format": "",
            "etl_src_header": "",
            "etl_src_size_in_bytes": 0,
            "rules": {
                "keys": [],
                "map": {}
            },
            "cdc_src_column": "",
            "cdc_src_data_type": "",
            "cdc_src_scale": 0
        },
        {
            "name": "grnt_prnt2_llp_pozice",
            "comment": "",
            "primary": false,
            "mandatory": false,
            "data_type": "VARCHAR(100)",
            "data_type_base": "VARCHAR",
            "scale": 100,
            "precission": 0,
            "is_derived": false,
            "is_derived_from": "",
            "is_derived_to": "",
            "is_validtime": false,
            "is_volatile": false,
            "is_transactiontime": false,
            "compress": "",
            "character_set": "UNICODE",
            "case_specific": false,
            "etl_src_not_available": false,
            "etl_crc_format": "",
            "etl_src_header": "",
            "etl_src_size_in_bytes": 0,
            "rules": {
                "keys": [],
                "map": {}
            },
            "cdc_src_column": "",
            "cdc_src_data_type": "",
            "cdc_src_scale": 0
        },
        {
            "name": "grnt_prnt2_llp_typgaranta_pozice",
            "comment": "",
            "primary": false,
            "mandatory": false,
            "data_type": "VARCHAR(15)",
            "data_type_base": "VARCHAR",
            "scale": 15,
            "precission": 0,
            "is_derived": false,
            "is_derived_from": "",
            "is_derived_to": "",
            "is_validtime": false,
            "is_volatile": false,
            "is_transactiontime": false,
            "compress": "",
            "character_set": "UNICODE",
            "case_specific": false,
            "etl_src_not_available": false,
            "etl_crc_format": "",
            "etl_src_header": "",
            "etl_src_size_in_bytes": 0,
            "rules": {
                "keys": [],
                "map": {}
            },
            "cdc_src_column": "",
            "cdc_src_data_type": "",
            "cdc_src_scale": 0
        },
        {
            "name": "grnt_prnt2_BusinessUnitName",
            "comment": "",
            "primary": false,
            "mandatory": false,
            "data_type": "VARCHAR(100)",
            "data_type_base": "VARCHAR",
            "scale": 100,
            "precission": 0,
            "is_derived": false,
            "is_derived_from": "",
            "is_derived_to": "",
            "is_validtime": false,
            "is_volatile": false,
            "is_transactiontime": false,
            "compress": "",
            "character_set": "UNICODE",
            "case_specific": false,
            "etl_src_not_available": false,
            "etl_crc_format": "",
            "etl_src_header": "",
            "etl_src_size_in_bytes": 0,
            "rules": {
                "keys": [],
                "map": {}
            },
            "cdc_src_column": "",
            "cdc_src_data_type": "",
            "cdc_src_scale": 0
        },
        {
            "name": "grnt_prnt3_login",
            "comment": "",
            "primary": false,
            "mandatory": false,
            "data_type": "VARCHAR(100)",
            "data_type_base": "VARCHAR",
            "scale": 100,
            "precission": 0,
            "is_derived": false,
            "is_derived_from": "",
            "is_derived_to": "",
            "is_validtime": false,
            "is_volatile": false,
            "is_transactiontime": false,
            "compress": "",
            "character_set": "UNICODE",
            "case_specific": false,
            "etl_src_not_available": false,
            "etl_crc_format": "",
            "etl_src_header": "",
            "etl_src_size_in_bytes": 0,
            "rules": {
                "keys": [],
                "map": {}
            },
            "cdc_src_column": "",
            "cdc_src_data_type": "",
            "cdc_src_scale": 0
        },
        {
            "name": "grnt_prnt3_firstname",
            "comment": "",
            "primary": false,
            "mandatory": false,
            "data_type": "VARCHAR(64)",
            "data_type_base": "VARCHAR",
            "scale": 64,
            "precission": 0,
            "is_derived": false,
            "is_derived_from": "",
            "is_derived_to": "",
            "is_validtime": false,
            "is_volatile": false,
            "is_transactiontime": false,
            "compress": "",
            "character_set": "UNICODE",
            "case_specific": false,
            "etl_src_not_available": false,
            "etl_crc_format": "",
            "etl_src_header": "",
            "etl_src_size_in_bytes": 0,
            "rules": {
                "keys": [],
                "map": {}
            },
            "cdc_src_column": "",
            "cdc_src_data_type": "",
            "cdc_src_scale": 0
        },
        {
            "name": "grnt_prnt3_lastname",
            "comment": "",
            "primary": false,
            "mandatory": false,
            "data_type": "VARCHAR(64)",
            "data_type_base": "VARCHAR",
            "scale": 64,
            "precission": 0,
            "is_derived": false,
            "is_derived_from": "",
            "is_derived_to": "",
            "is_validtime": false,
            "is_volatile": false,
            "is_transactiontime": false,
            "compress": "",
            "character_set": "UNICODE",
            "case_specific": false,
            "etl_src_not_available": false,
            "etl_crc_format": "",
            "etl_src_header": "",
            "etl_src_size_in_bytes": 0,
            "rules": {
                "keys": [],
                "map": {}
            },
            "cdc_src_column": "",
            "cdc_src_data_type": "",
            "cdc_src_scale": 0
        },
        {
            "name": "grnt_prnt3_llp_pozice",
            "comment": "",
            "primary": false,
            "mandatory": false,
            "data_type": "VARCHAR(100)",
            "data_type_base": "VARCHAR",
            "scale": 100,
            "precission": 0,
            "is_derived": false,
            "is_derived_from": "",
            "is_derived_to": "",
            "is_validtime": false,
            "is_volatile": false,
            "is_transactiontime": false,
            "compress": "",
            "character_set": "UNICODE",
            "case_specific": false,
            "etl_src_not_available": false,
            "etl_crc_format": "",
            "etl_src_header": "",
            "etl_src_size_in_bytes": 0,
            "rules": {
                "keys": [],
                "map": {}
            },
            "cdc_src_column": "",
            "cdc_src_data_type": "",
            "cdc_src_scale": 0
        },
        {
            "name": "grnt_prnt3_llp_typgaranta_pozice",
            "comment": "",
            "primary": false,
            "mandatory": false,
            "data_type": "VARCHAR(15)",
            "data_type_base": "VARCHAR",
            "scale": 15,
            "precission": 0,
            "is_derived": false,
            "is_derived_from": "",
            "is_derived_to": "",
            "is_validtime": false,
            "is_volatile": false,
            "is_transactiontime": false,
            "compress": "",
            "character_set": "UNICODE",
            "case_specific": false,
            "etl_src_not_available": false,
            "etl_crc_format": "",
            "etl_src_header": "",
            "etl_src_size_in_bytes": 0,
            "rules": {
                "keys": [],
                "map": {}
            },
            "cdc_src_column": "",
            "cdc_src_data_type": "",
            "cdc_src_scale": 0
        },
        {
            "name": "grnt_prnt3_BusinessUnitName",
            "comment": "",
            "primary": false,
            "mandatory": false,
            "data_type": "VARCHAR(100)",
            "data_type_base": "VARCHAR",
            "scale": 100,
            "precission": 0,
            "is_derived": false,
            "is_derived_from": "",
            "is_derived_to": "",
            "is_validtime": false,
            "is_volatile": false,
            "is_transactiontime": false,
            "compress": "",
            "character_set": "UNICODE",
            "case_specific": false,
            "etl_src_not_available": false,
            "etl_crc_format": "",
            "etl_src_header": "",
            "etl_src_size_in_bytes": 0,
            "rules": {
                "keys": [],
                "map": {}
            },
            "cdc_src_column": "",
            "cdc_src_data_type": "",
            "cdc_src_scale": 0
        },
        {
            "name": "llp_cislozakaznikavcld",
            "comment": "",
            "primary": false,
            "mandatory": false,
            "data_type": "VARCHAR(10)",
            "data_type_base": "VARCHAR",
            "scale": 10,
            "precission": 0,
            "is_derived": false,
            "is_derived_from": "",
            "is_derived_to": "",
            "is_validtime": false,
            "is_volatile": false,
            "is_transactiontime": false,
            "compress": "",
            "character_set": "UNICODE",
            "case_specific": false,
            "etl_src_not_available": false,
            "etl_crc_format": "",
            "etl_src_header": "",
            "etl_src_size_in_bytes": 0,
            "rules": {
                "keys": [],
                "map": {}
            },
            "cdc_src_column": "",
            "cdc_src_data_type": "",
            "cdc_src_scale": 0
        },
        {
            "name": "grnt_SystemUserTeamId",
            "comment": "",
            "primary": false,
            "mandatory": false,
            "data_type": "VARCHAR(38)",
            "data_type_base": "VARCHAR",
            "scale": 38,
            "precission": 0,
            "is_derived": false,
            "is_derived_from": "",
            "is_derived_to": "",
            "is_validtime": false,
            "is_volatile": false,
            "is_transactiontime": false,
            "compress": "",
            "character_set": "LATIN",
            "case_specific": false,
            "etl_src_not_available": false,
            "etl_crc_format": "",
            "etl_src_header": "",
            "etl_src_size_in_bytes": 0,
            "rules": {
                "keys": [],
                "map": {}
            },
            "cdc_src_column": "",
            "cdc_src_data_type": "",
            "cdc_src_scale": 0
        },
        {
            "name": "grnt_ModifiedOn",
            "comment": "",
            "primary": false,
            "mandatory": false,
            "data_type": "TIMESTAMP(0)",
            "data_type_base": "TIMESTAMP",
            "scale": 0,
            "precission": 0,
            "is_derived": false,
            "is_derived_from": "",
            "is_derived_to": "",
            "is_validtime": false,
            "is_volatile": false,
            "is_transactiontime": false,
            "compress": "",
            "character_set": "",
            "case_specific": false,
            "etl_src_not_available": false,
            "etl_crc_format": "",
            "etl_src_header": "",
            "etl_src_size_in_bytes": 0,
            "rules": {
                "keys": [],
                "map": {}
            },
            "cdc_src_column": "",
            "cdc_src_data_type": "",
            "cdc_src_scale": 0
        },
        {
            "name": "grnt_prnt1_SystemUserTeamId",
            "comment": "",
            "primary": false,
            "mandatory": false,
            "data_type": "VARCHAR(38)",
            "data_type_base": "VARCHAR",
            "scale": 38,
            "precission": 0,
            "is_derived": false,
            "is_derived_from": "",
            "is_derived_to": "",
            "is_validtime": false,
            "is_volatile": false,
            "is_transactiontime": false,
            "compress": "",
            "character_set": "LATIN",
            "case_specific": false,
            "etl_src_not_available": false,
            "etl_crc_format": "",
            "etl_src_header": "",
            "etl_src_size_in_bytes": 0,
            "rules": {
                "keys": [],
                "map": {}
            },
            "cdc_src_column": "",
            "cdc_src_data_type": "",
            "cdc_src_scale": 0
        },
        {
            "name": "grnt_prnt1_ModifiedOn",
            "comment": "",
            "primary": false,
            "mandatory": false,
            "data_type": "TIMESTAMP(0)",
            "data_type_base": "TIMESTAMP",
            "scale": 0,
            "precission": 0,
            "is_derived": false,
            "is_derived_from": "",
            "is_derived_to": "",
            "is_validtime": false,
            "is_volatile": false,
            "is_transactiontime": false,
            "compress": "",
            "character_set": "",
            "case_specific": false,
            "etl_src_not_available": false,
            "etl_crc_format": "",
            "etl_src_header": "",
            "etl_src_size_in_bytes": 0,
            "rules": {
                "keys": [],
                "map": {}
            },
            "cdc_src_column": "",
            "cdc_src_data_type": "",
            "cdc_src_scale": 0
        },
        {
            "name": "grnt_GarantModifiedon",
            "comment": "",
            "primary": false,
            "mandatory": false,
            "data_type": "TIMESTAMP(0)",
            "data_type_base": "TIMESTAMP",
            "scale": 0,
            "precission": 0,
            "is_derived": false,
            "is_derived_from": "",
            "is_derived_to": "",
            "is_validtime": false,
            "is_volatile": false,
            "is_transactiontime": false,
            "compress": "",
            "character_set": "",
            "case_specific": false,
            "etl_src_not_available": false,
            "etl_crc_format": "",
            "etl_src_header": "",
            "etl_src_size_in_bytes": 0,
            "rules": {
                "keys": [],
                "map": {}
            },
            "cdc_src_column": "",
            "cdc_src_data_type": "",
            "cdc_src_scale": 0
        },
        {
            "name": "map_id",
            "comment": "",
            "primary": false,
            "mandatory": true,
            "data_type": "INTEGER",
            "data_type_base": "INTEGER",
            "scale": 0,
            "precission": 0,
            "is_derived": false,
            "is_derived_from": "",
            "is_derived_to": "",
            "is_validtime": false,
            "is_volatile": false,
            "is_transactiontime": false,
            "compress": "",
            "character_set": "",
            "case_specific": false,
            "etl_src_not_available": false,
            "etl_crc_format": "",
            "etl_src_header": "",
            "etl_src_size_in_bytes": 0,
            "rules": {
                "keys": [],
                "map": {}
            },
            "cdc_src_column": "",
            "cdc_src_data_type": "",
            "cdc_src_scale": 0
        },
        {
            "name": "mart_start_job_id",
            "comment": "",
            "primary": false,
            "mandatory": true,
            "data_type": "INTEGER",
            "data_type_base": "INTEGER",
            "scale": 0,
            "precission": 0,
            "is_derived": false,
            "is_derived_from": "",
            "is_derived_to": "",
            "is_validtime": false,
            "is_volatile": false,
            "is_transactiontime": false,
            "compress": "",
            "character_set": "",
            "case_specific": false,
            "etl_src_not_available": false,
            "etl_crc_format": "",
            "etl_src_header": "",
            "etl_src_size_in_bytes": 0,
            "rules": {
                "keys": [],
                "map": {}
            },
            "cdc_src_column": "",
            "cdc_src_data_type": "",
            "cdc_src_scale": 0
        }
    ],
    "pi_name": "SFA_GARANT_DN2_NUPI",
    "pi_is_upi": false,
    "pi_columns": [
        "accountid"
    ],
    "pi_partitions": "",
    "pi_isolated_loading": false
}